2009.12.08 12:06 B c:\PHP\BEBES_LEYENDO\HTML\admin\js\fechador\ui\i18n\ui.datepicker-zh-TW.js --> ftp.mundoimaginarte.com /public_html/admin/js/fechador/ui/i18n ui.datepicker-zh-TW.js
2009.12.08 12:06 B c:\PHP\BEBES_LEYENDO\HTML\admin\js\fechador\ui\i18n\ui.datepicker-zh-CN.js --> ftp.mundoimaginarte.com /public_html/admin/js/fechador/ui/i18n ui.datepicker-zh-CN.js
2009.12.08 12:06 B c:\PHP\BEBES_LEYENDO\HTML\admin\js\fechador\ui\i18n\ui.datepicker-uk.js --> ftp.mundoimaginarte.com /public_html/admin/js/fechador/ui/i18n ui.datepicker-uk.js
2009.12.08 12:06 B c:\PHP\BEBES_LEYENDO\HTML\admin\js\fechador\ui\i18n\ui.datepicker-tr.js --> ftp.mundoimaginarte.com /public_html/admin/js/fechador/ui/i18n ui.datepicker-tr.js
2009.12.08 12:06 B c:\PHP\BEBES_LEYENDO\HTML\admin\js\fechador\ui\i18n\ui.datepicker-th.js --> ftp.mundoimaginarte.com /public_html/admin/js/fechador/ui/i18n ui.datepicker-th.js
2009.12.08 12:06 B c:\PHP\BEBES_LEYENDO\HTML\admin\js\fechador\ui\i18n\ui.datepicker-sv.js --> ftp.mundoimaginarte.com /public_html/admin/js/fechador/ui/i18n ui.datepicker-sv.js
2009.12.08 12:06 B c:\PHP\BEBES_LEYENDO\HTML\admin\js\fechador\ui\i18n\ui.datepicker-sr.js --> ftp.mundoimaginarte.com /public_html/admin/js/fechador/ui/i18n ui.datepicker-sr.js
2009.12.08 12:06 B c:\PHP\BEBES_LEYENDO\HTML\admin\js\fechador\ui\i18n\ui.datepicker-sr-SR.js --> ftp.mundoimaginarte.com /public_html/admin/js/fechador/ui/i18n ui.datepicker-sr-SR.js
2009.12.08 12:06 B c:\PHP\BEBES_LEYENDO\HTML\admin\js\fechador\ui\i18n\ui.datepicker-sq.js --> ftp.mundoimaginarte.com /public_html/admin/js/fechador/ui/i18n ui.datepicker-sq.js
2009.12.08 12:06 B c:\PHP\BEBES_LEYENDO\HTML\admin\js\fechador\ui\i18n\ui.datepicker-sl.js --> ftp.mundoimaginarte.com /public_html/admin/js/fechador/ui/i18n ui.datepicker-sl.js
2009.12.08 12:06 B c:\PHP\BEBES_LEYENDO\HTML\admin\js\fechador\ui\i18n\ui.datepicker-sk.js --> ftp.mundoimaginarte.com /public_html/admin/js/fechador/ui/i18n ui.datepicker-sk.js
2009.12.08 12:06 B c:\PHP\BEBES_LEYENDO\HTML\admin\js\fechador\ui\i18n\ui.datepicker-ru.js --> ftp.mundoimaginarte.com /public_html/admin/js/fechador/ui/i18n ui.datepicker-ru.js
2009.12.08 12:06 B c:\PHP\BEBES_LEYENDO\HTML\admin\js\fechador\ui\i18n\ui.datepicker-ro.js --> ftp.mundoimaginarte.com /public_html/admin/js/fechador/ui/i18n ui.datepicker-ro.js
2009.12.08 12:06 B c:\PHP\BEBES_LEYENDO\HTML\admin\js\fechador\ui\i18n\ui.datepicker-pt-BR.js --> ftp.mundoimaginarte.com /public_html/admin/js/fechador/ui/i18n ui.datepicker-pt-BR.js
2009.12.08 12:06 B c:\PHP\BEBES_LEYENDO\HTML\admin\js\fechador\ui\i18n\ui.datepicker-pl.js --> ftp.mundoimaginarte.com /public_html/admin/js/fechador/ui/i18n ui.datepicker-pl.js
2009.12.08 12:06 B c:\PHP\BEBES_LEYENDO\HTML\admin\js\fechador\ui\i18n\ui.datepicker-no.js --> ftp.mundoimaginarte.com /public_html/admin/js/fechador/ui/i18n ui.datepicker-no.js
2009.12.08 12:06 B c:\PHP\BEBES_LEYENDO\HTML\admin\js\fechador\ui\i18n\ui.datepicker-nl.js --> ftp.mundoimaginarte.com /public_html/admin/js/fechador/ui/i18n ui.datepicker-nl.js
2009.12.08 12:06 B c:\PHP\BEBES_LEYENDO\HTML\admin\js\fechador\ui\i18n\ui.datepicker-ms.js --> ftp.mundoimaginarte.com /public_html/admin/js/fechador/ui/i18n ui.datepicker-ms.js
2009.12.08 12:06 B c:\PHP\BEBES_LEYENDO\HTML\admin\js\fechador\ui\i18n\ui.datepicker-lv.js --> ftp.mundoimaginarte.com /public_html/admin/js/fechador/ui/i18n ui.datepicker-lv.js
2009.12.08 12:06 B c:\PHP\BEBES_LEYENDO\HTML\admin\js\fechador\ui\i18n\ui.datepicker-lt.js --> ftp.mundoimaginarte.com /public_html/admin/js/fechador/ui/i18n ui.datepicker-lt.js
2009.12.08 12:06 B c:\PHP\BEBES_LEYENDO\HTML\admin\js\fechador\ui\i18n\ui.datepicker-ko.js --> ftp.mundoimaginarte.com /public_html/admin/js/fechador/ui/i18n ui.datepicker-ko.js
2009.12.08 12:06 B c:\PHP\BEBES_LEYENDO\HTML\admin\js\fechador\ui\i18n\ui.datepicker-ja.js --> ftp.mundoimaginarte.com /public_html/admin/js/fechador/ui/i18n ui.datepicker-ja.js
2009.12.08 12:06 B c:\PHP\BEBES_LEYENDO\HTML\admin\js\fechador\ui\i18n\ui.datepicker-it.js --> ftp.mundoimaginarte.com /public_html/admin/js/fechador/ui/i18n ui.datepicker-it.js
2009.12.08 12:06 B c:\PHP\BEBES_LEYENDO\HTML\admin\js\fechador\ui\i18n\ui.datepicker-is.js --> ftp.mundoimaginarte.com /public_html/admin/js/fechador/ui/i18n ui.datepicker-is.js
2009.12.08 12:06 B c:\PHP\BEBES_LEYENDO\HTML\admin\js\fechador\ui\i18n\ui.datepicker-id.js --> ftp.mundoimaginarte.com /public_html/admin/js/fechador/ui/i18n ui.datepicker-id.js
2009.12.08 12:06 B c:\PHP\BEBES_LEYENDO\HTML\admin\js\fechador\ui\i18n\ui.datepicker-hy.js --> ftp.mundoimaginarte.com /public_html/admin/js/fechador/ui/i18n ui.datepicker-hy.js
2009.12.08 12:06 B c:\PHP\BEBES_LEYENDO\HTML\admin\js\fechador\ui\i18n\ui.datepicker-hu.js --> ftp.mundoimaginarte.com /public_html/admin/js/fechador/ui/i18n ui.datepicker-hu.js
2009.12.08 12:06 B c:\PHP\BEBES_LEYENDO\HTML\admin\js\fechador\ui\i18n\ui.datepicker-hr.js --> ftp.mundoimaginarte.com /public_html/admin/js/fechador/ui/i18n ui.datepicker-hr.js
2009.12.08 12:06 B c:\PHP\BEBES_LEYENDO\HTML\admin\js\fechador\ui\i18n\ui.datepicker-he.js --> ftp.mundoimaginarte.com /public_html/admin/js/fechador/ui/i18n ui.datepicker-he.js
2009.12.08 12:06 B c:\PHP\BEBES_LEYENDO\HTML\admin\js\fechador\ui\i18n\ui.datepicker-fr.js --> ftp.mundoimaginarte.com /public_html/admin/js/fechador/ui/i18n ui.datepicker-fr.js
2009.12.08 12:06 B c:\PHP\BEBES_LEYENDO\HTML\admin\js\fechador\ui\i18n\ui.datepicker-fi.js --> ftp.mundoimaginarte.com /public_html/admin/js/fechador/ui/i18n ui.datepicker-fi.js
2009.12.08 12:06 B c:\PHP\BEBES_LEYENDO\HTML\admin\js\fechador\ui\i18n\ui.datepicker-fa.js --> ftp.mundoimaginarte.com /public_html/admin/js/fechador/ui/i18n ui.datepicker-fa.js
2009.12.08 12:06 B c:\PHP\BEBES_LEYENDO\HTML\admin\js\fechador\ui\i18n\ui.datepicker-es.js --> ftp.mundoimaginarte.com /public_html/admin/js/fechador/ui/i18n ui.datepicker-es.js
2009.12.08 12:06 B c:\PHP\BEBES_LEYENDO\HTML\admin\js\fechador\ui\i18n\ui.datepicker-eo.js --> ftp.mundoimaginarte.com /public_html/admin/js/fechador/ui/i18n ui.datepicker-eo.js
2009.12.08 12:06 B c:\PHP\BEBES_LEYENDO\HTML\admin\js\fechador\ui\i18n\ui.datepicker-el.js --> ftp.mundoimaginarte.com /public_html/admin/js/fechador/ui/i18n ui.datepicker-el.js
2009.12.08 12:06 B c:\PHP\BEBES_LEYENDO\HTML\admin\js\fechador\ui\i18n\ui.datepicker-de.js --> ftp.mundoimaginarte.com /public_html/admin/js/fechador/ui/i18n ui.datepicker-de.js
2009.12.08 12:06 B c:\PHP\BEBES_LEYENDO\HTML\admin\js\fechador\ui\i18n\ui.datepicker-da.js --> ftp.mundoimaginarte.com /public_html/admin/js/fechador/ui/i18n ui.datepicker-da.js
2009.12.08 12:06 B c:\PHP\BEBES_LEYENDO\HTML\admin\js\fechador\ui\i18n\ui.datepicker-cs.js --> ftp.mundoimaginarte.com /public_html/admin/js/fechador/ui/i18n ui.datepicker-cs.js
2009.12.08 12:06 B c:\PHP\BEBES_LEYENDO\HTML\admin\js\fechador\ui\i18n\ui.datepicker-ca.js --> ftp.mundoimaginarte.com /public_html/admin/js/fechador/ui/i18n ui.datepicker-ca.js
2009.12.08 12:06 B c:\PHP\BEBES_LEYENDO\HTML\admin\js\fechador\ui\i18n\ui.datepicker-bg.js --> ftp.mundoimaginarte.com /public_html/admin/js/fechador/ui/i18n ui.datepicker-bg.js
2009.12.08 12:06 B c:\PHP\BEBES_LEYENDO\HTML\admin\js\fechador\ui\i18n\ui.datepicker-ar.js --> ftp.mundoimaginarte.com /public_html/admin/js/fechador/ui/i18n ui.datepicker-ar.js
2009.12.08 12:06 B c:\PHP\BEBES_LEYENDO\HTML\admin\js\fechador\ui\i18n\jquery-ui-i18n.js --> ftp.mundoimaginarte.com /public_html/admin/js/fechador/ui/i18n jquery-ui-i18n.js
2010.01.05 12:03 B c:\PHP\BEBES_LEYENDO\HTML\admin\js\fechador\ui\i18n\WS_FTP.LOG --> ftp.mundoimaginarte.com /public_html/admin/js/fechador/ui/i18n WS_FTP.LOG
2010.01.05 18:27 B c:\PHP\BEBES_LEYENDO\HTML\admin\js\fechador\ui\i18n\WS_FTP.LOG --> ftp.mundoimaginarte.com /public_html/admin/js/fechador/ui/i18n WS_FTP.LOG
2010.03.17 12:52 B c:\PHP\BIRMINHAM\HTML\admin\js\fechador\ui\i18n\WS_FTP.LOG --> ftpS1.brinkster.com /nbns/webroot/tempo/admin/js/fechador/ui/i18n WS_FTP.LOG
2010.03.17 12:52 B c:\PHP\BIRMINHAM\HTML\admin\js\fechador\ui\i18n\ui.datepicker-zh-TW.js --> ftpS1.brinkster.com /nbns/webroot/tempo/admin/js/fechador/ui/i18n ui.datepicker-zh-TW.js
2010.03.17 12:52 B c:\PHP\BIRMINHAM\HTML\admin\js\fechador\ui\i18n\ui.datepicker-zh-CN.js --> ftpS1.brinkster.com /nbns/webroot/tempo/admin/js/fechador/ui/i18n ui.datepicker-zh-CN.js
2010.03.17 12:52 B c:\PHP\BIRMINHAM\HTML\admin\js\fechador\ui\i18n\ui.datepicker-uk.js --> ftpS1.brinkster.com /nbns/webroot/tempo/admin/js/fechador/ui/i18n ui.datepicker-uk.js
2010.03.17 12:52 B c:\PHP\BIRMINHAM\HTML\admin\js\fechador\ui\i18n\ui.datepicker-tr.js --> ftpS1.brinkster.com /nbns/webroot/tempo/admin/js/fechador/ui/i18n ui.datepicker-tr.js
2010.03.17 12:52 B c:\PHP\BIRMINHAM\HTML\admin\js\fechador\ui\i18n\ui.datepicker-th.js --> ftpS1.brinkster.com /nbns/webroot/tempo/admin/js/fechador/ui/i18n ui.datepicker-th.js
2010.03.17 12:52 B c:\PHP\BIRMINHAM\HTML\admin\js\fechador\ui\i18n\ui.datepicker-sv.js --> ftpS1.brinkster.com /nbns/webroot/tempo/admin/js/fechador/ui/i18n ui.datepicker-sv.js
2010.03.17 12:52 B c:\PHP\BIRMINHAM\HTML\admin\js\fechador\ui\i18n\ui.datepicker-sr.js --> ftpS1.brinkster.com /nbns/webroot/tempo/admin/js/fechador/ui/i18n ui.datepicker-sr.js
2010.03.17 12:52 B c:\PHP\BIRMINHAM\HTML\admin\js\fechador\ui\i18n\ui.datepicker-sr-SR.js --> ftpS1.brinkster.com /nbns/webroot/tempo/admin/js/fechador/ui/i18n ui.datepicker-sr-SR.js
2010.03.17 12:52 B c:\PHP\BIRMINHAM\HTML\admin\js\fechador\ui\i18n\ui.datepicker-sq.js --> ftpS1.brinkster.com /nbns/webroot/tempo/admin/js/fechador/ui/i18n ui.datepicker-sq.js
2010.03.17 12:52 B c:\PHP\BIRMINHAM\HTML\admin\js\fechador\ui\i18n\ui.datepicker-sl.js --> ftpS1.brinkster.com /nbns/webroot/tempo/admin/js/fechador/ui/i18n ui.datepicker-sl.js
2010.03.17 12:52 B c:\PHP\BIRMINHAM\HTML\admin\js\fechador\ui\i18n\ui.datepicker-sk.js --> ftpS1.brinkster.com /nbns/webroot/tempo/admin/js/fechador/ui/i18n ui.datepicker-sk.js
2010.03.17 12:52 B c:\PHP\BIRMINHAM\HTML\admin\js\fechador\ui\i18n\ui.datepicker-ru.js --> ftpS1.brinkster.com /nbns/webroot/tempo/admin/js/fechador/ui/i18n ui.datepicker-ru.js
2010.03.17 12:52 B c:\PHP\BIRMINHAM\HTML\admin\js\fechador\ui\i18n\ui.datepicker-ro.js --> ftpS1.brinkster.com /nbns/webroot/tempo/admin/js/fechador/ui/i18n ui.datepicker-ro.js
2010.03.17 12:52 B c:\PHP\BIRMINHAM\HTML\admin\js\fechador\ui\i18n\ui.datepicker-pt-BR.js --> ftpS1.brinkster.com /nbns/webroot/tempo/admin/js/fechador/ui/i18n ui.datepicker-pt-BR.js
2010.03.17 12:52 B c:\PHP\BIRMINHAM\HTML\admin\js\fechador\ui\i18n\ui.datepicker-pl.js --> ftpS1.brinkster.com /nbns/webroot/tempo/admin/js/fechador/ui/i18n ui.datepicker-pl.js
2010.03.17 12:52 B c:\PHP\BIRMINHAM\HTML\admin\js\fechador\ui\i18n\ui.datepicker-no.js --> ftpS1.brinkster.com /nbns/webroot/tempo/admin/js/fechador/ui/i18n ui.datepicker-no.js
2010.03.17 12:52 B c:\PHP\BIRMINHAM\HTML\admin\js\fechador\ui\i18n\ui.datepicker-nl.js --> ftpS1.brinkster.com /nbns/webroot/tempo/admin/js/fechador/ui/i18n ui.datepicker-nl.js
2010.03.17 12:53 B c:\PHP\BIRMINHAM\HTML\admin\js\fechador\ui\i18n\ui.datepicker-ms.js --> ftpS1.brinkster.com /nbns/webroot/tempo/admin/js/fechador/ui/i18n ui.datepicker-ms.js
2010.03.17 12:53 B c:\PHP\BIRMINHAM\HTML\admin\js\fechador\ui\i18n\ui.datepicker-lv.js --> ftpS1.brinkster.com /nbns/webroot/tempo/admin/js/fechador/ui/i18n ui.datepicker-lv.js
2010.03.17 12:53 B c:\PHP\BIRMINHAM\HTML\admin\js\fechador\ui\i18n\ui.datepicker-lt.js --> ftpS1.brinkster.com /nbns/webroot/tempo/admin/js/fechador/ui/i18n ui.datepicker-lt.js
2010.03.17 12:53 B c:\PHP\BIRMINHAM\HTML\admin\js\fechador\ui\i18n\ui.datepicker-ko.js --> ftpS1.brinkster.com /nbns/webroot/tempo/admin/js/fechador/ui/i18n ui.datepicker-ko.js
2010.03.17 12:53 B c:\PHP\BIRMINHAM\HTML\admin\js\fechador\ui\i18n\ui.datepicker-ja.js --> ftpS1.brinkster.com /nbns/webroot/tempo/admin/js/fechador/ui/i18n ui.datepicker-ja.js
2010.03.17 12:53 B c:\PHP\BIRMINHAM\HTML\admin\js\fechador\ui\i18n\ui.datepicker-it.js --> ftpS1.brinkster.com /nbns/webroot/tempo/admin/js/fechador/ui/i18n ui.datepicker-it.js
2010.03.17 12:53 B c:\PHP\BIRMINHAM\HTML\admin\js\fechador\ui\i18n\ui.datepicker-is.js --> ftpS1.brinkster.com /nbns/webroot/tempo/admin/js/fechador/ui/i18n ui.datepicker-is.js
2010.03.17 12:53 B c:\PHP\BIRMINHAM\HTML\admin\js\fechador\ui\i18n\ui.datepicker-id.js --> ftpS1.brinkster.com /nbns/webroot/tempo/admin/js/fechador/ui/i18n ui.datepicker-id.js
2010.03.17 12:53 B c:\PHP\BIRMINHAM\HTML\admin\js\fechador\ui\i18n\ui.datepicker-hy.js --> ftpS1.brinkster.com /nbns/webroot/tempo/admin/js/fechador/ui/i18n ui.datepicker-hy.js
2010.03.17 12:53 B c:\PHP\BIRMINHAM\HTML\admin\js\fechador\ui\i18n\ui.datepicker-hu.js --> ftpS1.brinkster.com /nbns/webroot/tempo/admin/js/fechador/ui/i18n ui.datepicker-hu.js
2010.03.17 12:53 B c:\PHP\BIRMINHAM\HTML\admin\js\fechador\ui\i18n\ui.datepicker-hr.js --> ftpS1.brinkster.com /nbns/webroot/tempo/admin/js/fechador/ui/i18n ui.datepicker-hr.js
2010.03.17 12:53 B c:\PHP\BIRMINHAM\HTML\admin\js\fechador\ui\i18n\ui.datepicker-he.js --> ftpS1.brinkster.com /nbns/webroot/tempo/admin/js/fechador/ui/i18n ui.datepicker-he.js
2010.03.17 12:53 B c:\PHP\BIRMINHAM\HTML\admin\js\fechador\ui\i18n\ui.datepicker-fr.js --> ftpS1.brinkster.com /nbns/webroot/tempo/admin/js/fechador/ui/i18n ui.datepicker-fr.js
2010.03.17 12:53 B c:\PHP\BIRMINHAM\HTML\admin\js\fechador\ui\i18n\ui.datepicker-fi.js --> ftpS1.brinkster.com /nbns/webroot/tempo/admin/js/fechador/ui/i18n ui.datepicker-fi.js
2010.03.17 12:53 B c:\PHP\BIRMINHAM\HTML\admin\js\fechador\ui\i18n\ui.datepicker-fa.js --> ftpS1.brinkster.com /nbns/webroot/tempo/admin/js/fechador/ui/i18n ui.datepicker-fa.js
2010.03.17 12:53 B c:\PHP\BIRMINHAM\HTML\admin\js\fechador\ui\i18n\ui.datepicker-es.js --> ftpS1.brinkster.com /nbns/webroot/tempo/admin/js/fechador/ui/i18n ui.datepicker-es.js
2010.03.17 12:53 B c:\PHP\BIRMINHAM\HTML\admin\js\fechador\ui\i18n\ui.datepicker-eo.js --> ftpS1.brinkster.com /nbns/webroot/tempo/admin/js/fechador/ui/i18n ui.datepicker-eo.js
2010.03.17 12:53 B c:\PHP\BIRMINHAM\HTML\admin\js\fechador\ui\i18n\ui.datepicker-el.js --> ftpS1.brinkster.com /nbns/webroot/tempo/admin/js/fechador/ui/i18n ui.datepicker-el.js
2010.03.17 12:53 B c:\PHP\BIRMINHAM\HTML\admin\js\fechador\ui\i18n\ui.datepicker-de.js --> ftpS1.brinkster.com /nbns/webroot/tempo/admin/js/fechador/ui/i18n ui.datepicker-de.js
2010.03.17 12:53 B c:\PHP\BIRMINHAM\HTML\admin\js\fechador\ui\i18n\ui.datepicker-da.js --> ftpS1.brinkster.com /nbns/webroot/tempo/admin/js/fechador/ui/i18n ui.datepicker-da.js
2010.03.17 12:53 B c:\PHP\BIRMINHAM\HTML\admin\js\fechador\ui\i18n\ui.datepicker-cs.js --> ftpS1.brinkster.com /nbns/webroot/tempo/admin/js/fechador/ui/i18n ui.datepicker-cs.js
2010.03.17 12:53 B c:\PHP\BIRMINHAM\HTML\admin\js\fechador\ui\i18n\ui.datepicker-ca.js --> ftpS1.brinkster.com /nbns/webroot/tempo/admin/js/fechador/ui/i18n ui.datepicker-ca.js
2010.03.17 12:53 B c:\PHP\BIRMINHAM\HTML\admin\js\fechador\ui\i18n\ui.datepicker-bg.js --> ftpS1.brinkster.com /nbns/webroot/tempo/admin/js/fechador/ui/i18n ui.datepicker-bg.js
2010.03.17 12:53 B c:\PHP\BIRMINHAM\HTML\admin\js\fechador\ui\i18n\ui.datepicker-ar.js --> ftpS1.brinkster.com /nbns/webroot/tempo/admin/js/fechador/ui/i18n ui.datepicker-ar.js
2010.03.17 12:53 B c:\PHP\BIRMINHAM\HTML\admin\js\fechador\ui\i18n\jquery-ui-i18n.js --> ftpS1.brinkster.com /nbns/webroot/tempo/admin/js/fechador/ui/i18n jquery-ui-i18n.js
