2009.12.08 12:07 B c:\PHP\BEBES_LEYENDO\HTML\admin\js\fechador\themes\ui-lightness\ui.theme.css --> ftp.mundoimaginarte.com /public_html/admin/js/fechador/themes/ui-lightness ui.theme.css
2009.12.08 12:07 B c:\PHP\BEBES_LEYENDO\HTML\admin\js\fechador\themes\ui-lightness\ui.tabs.css --> ftp.mundoimaginarte.com /public_html/admin/js/fechador/themes/ui-lightness ui.tabs.css
2009.12.08 12:07 B c:\PHP\BEBES_LEYENDO\HTML\admin\js\fechador\themes\ui-lightness\ui.slider.css --> ftp.mundoimaginarte.com /public_html/admin/js/fechador/themes/ui-lightness ui.slider.css
2009.12.08 12:07 B c:\PHP\BEBES_LEYENDO\HTML\admin\js\fechador\themes\ui-lightness\ui.resizable.css --> ftp.mundoimaginarte.com /public_html/admin/js/fechador/themes/ui-lightness ui.resizable.css
2009.12.08 12:07 B c:\PHP\BEBES_LEYENDO\HTML\admin\js\fechador\themes\ui-lightness\ui.progressbar.css --> ftp.mundoimaginarte.com /public_html/admin/js/fechador/themes/ui-lightness ui.progressbar.css
2009.12.08 12:07 B c:\PHP\BEBES_LEYENDO\HTML\admin\js\fechador\themes\ui-lightness\ui.dialog.css --> ftp.mundoimaginarte.com /public_html/admin/js/fechador/themes/ui-lightness ui.dialog.css
2009.12.08 12:07 B c:\PHP\BEBES_LEYENDO\HTML\admin\js\fechador\themes\ui-lightness\ui.datepicker.css --> ftp.mundoimaginarte.com /public_html/admin/js/fechador/themes/ui-lightness ui.datepicker.css
2009.12.08 12:07 B c:\PHP\BEBES_LEYENDO\HTML\admin\js\fechador\themes\ui-lightness\ui.core.css --> ftp.mundoimaginarte.com /public_html/admin/js/fechador/themes/ui-lightness ui.core.css
2009.12.08 12:07 B c:\PHP\BEBES_LEYENDO\HTML\admin\js\fechador\themes\ui-lightness\ui.base.css --> ftp.mundoimaginarte.com /public_html/admin/js/fechador/themes/ui-lightness ui.base.css
2009.12.08 12:07 B c:\PHP\BEBES_LEYENDO\HTML\admin\js\fechador\themes\ui-lightness\ui.all.css --> ftp.mundoimaginarte.com /public_html/admin/js/fechador/themes/ui-lightness ui.all.css
2009.12.08 12:07 B c:\PHP\BEBES_LEYENDO\HTML\admin\js\fechador\themes\ui-lightness\ui.accordion.css --> ftp.mundoimaginarte.com /public_html/admin/js/fechador/themes/ui-lightness ui.accordion.css
2009.12.08 12:07 B c:\PHP\BEBES_LEYENDO\HTML\admin\js\fechador\themes\ui-lightness\jquery-ui-1.7.2.custom.css --> ftp.mundoimaginarte.com /public_html/admin/js/fechador/themes/ui-lightness jquery-ui-1.7.2.custom.css
2010.01.05 12:03 B c:\PHP\BEBES_LEYENDO\HTML\admin\js\fechador\themes\ui-lightness\WS_FTP.LOG --> ftp.mundoimaginarte.com /public_html/admin/js/fechador/themes/ui-lightness WS_FTP.LOG
2010.01.05 18:28 B c:\PHP\BEBES_LEYENDO\HTML\admin\js\fechador\themes\ui-lightness\WS_FTP.LOG --> ftp.mundoimaginarte.com /public_html/admin/js/fechador/themes/ui-lightness WS_FTP.LOG
2010.03.17 12:54 B c:\PHP\BIRMINHAM\HTML\admin\js\fechador\themes\ui-lightness\WS_FTP.LOG --> ftpS1.brinkster.com /nbns/webroot/tempo/admin/js/fechador/themes/ui-lightness WS_FTP.LOG
2010.03.17 12:54 B c:\PHP\BIRMINHAM\HTML\admin\js\fechador\themes\ui-lightness\ui.theme.css --> ftpS1.brinkster.com /nbns/webroot/tempo/admin/js/fechador/themes/ui-lightness ui.theme.css
2010.03.17 12:54 B c:\PHP\BIRMINHAM\HTML\admin\js\fechador\themes\ui-lightness\ui.tabs.css --> ftpS1.brinkster.com /nbns/webroot/tempo/admin/js/fechador/themes/ui-lightness ui.tabs.css
2010.03.17 12:54 B c:\PHP\BIRMINHAM\HTML\admin\js\fechador\themes\ui-lightness\ui.slider.css --> ftpS1.brinkster.com /nbns/webroot/tempo/admin/js/fechador/themes/ui-lightness ui.slider.css
2010.03.17 12:54 B c:\PHP\BIRMINHAM\HTML\admin\js\fechador\themes\ui-lightness\ui.resizable.css --> ftpS1.brinkster.com /nbns/webroot/tempo/admin/js/fechador/themes/ui-lightness ui.resizable.css
2010.03.17 12:54 B c:\PHP\BIRMINHAM\HTML\admin\js\fechador\themes\ui-lightness\ui.progressbar.css --> ftpS1.brinkster.com /nbns/webroot/tempo/admin/js/fechador/themes/ui-lightness ui.progressbar.css
2010.03.17 12:54 B c:\PHP\BIRMINHAM\HTML\admin\js\fechador\themes\ui-lightness\ui.dialog.css --> ftpS1.brinkster.com /nbns/webroot/tempo/admin/js/fechador/themes/ui-lightness ui.dialog.css
2010.03.17 12:54 B c:\PHP\BIRMINHAM\HTML\admin\js\fechador\themes\ui-lightness\ui.datepicker.css --> ftpS1.brinkster.com /nbns/webroot/tempo/admin/js/fechador/themes/ui-lightness ui.datepicker.css
2010.03.17 12:54 B c:\PHP\BIRMINHAM\HTML\admin\js\fechador\themes\ui-lightness\ui.core.css --> ftpS1.brinkster.com /nbns/webroot/tempo/admin/js/fechador/themes/ui-lightness ui.core.css
2010.03.17 12:54 B c:\PHP\BIRMINHAM\HTML\admin\js\fechador\themes\ui-lightness\ui.base.css --> ftpS1.brinkster.com /nbns/webroot/tempo/admin/js/fechador/themes/ui-lightness ui.base.css
2010.03.17 12:54 B c:\PHP\BIRMINHAM\HTML\admin\js\fechador\themes\ui-lightness\ui.all.css --> ftpS1.brinkster.com /nbns/webroot/tempo/admin/js/fechador/themes/ui-lightness ui.all.css
2010.03.17 12:54 B c:\PHP\BIRMINHAM\HTML\admin\js\fechador\themes\ui-lightness\ui.accordion.css --> ftpS1.brinkster.com /nbns/webroot/tempo/admin/js/fechador/themes/ui-lightness ui.accordion.css
2010.03.17 12:54 B c:\PHP\BIRMINHAM\HTML\admin\js\fechador\themes\ui-lightness\jquery-ui-1.7.2.custom.css --> ftpS1.brinkster.com /nbns/webroot/tempo/admin/js/fechador/themes/ui-lightness jquery-ui-1.7.2.custom.css
