2009.12.08 12:07 B c:\PHP\BEBES_LEYENDO\HTML\admin\js\fechador\themes\ui-lightness\images\ui-icons_ffffff_256x240.png --> ftp.mundoimaginarte.com /public_html/admin/js/fechador/themes/ui-lightness/images ui-icons_ffffff_256x240.png
2009.12.08 12:07 B c:\PHP\BEBES_LEYENDO\HTML\admin\js\fechador\themes\ui-lightness\images\ui-icons_ffd27a_256x240.png --> ftp.mundoimaginarte.com /public_html/admin/js/fechador/themes/ui-lightness/images ui-icons_ffd27a_256x240.png
2009.12.08 12:07 B c:\PHP\BEBES_LEYENDO\HTML\admin\js\fechador\themes\ui-lightness\images\ui-icons_ef8c08_256x240.png --> ftp.mundoimaginarte.com /public_html/admin/js/fechador/themes/ui-lightness/images ui-icons_ef8c08_256x240.png
2009.12.08 12:07 B c:\PHP\BEBES_LEYENDO\HTML\admin\js\fechador\themes\ui-lightness\images\ui-icons_228ef1_256x240.png --> ftp.mundoimaginarte.com /public_html/admin/js/fechador/themes/ui-lightness/images ui-icons_228ef1_256x240.png
2009.12.08 12:07 B c:\PHP\BEBES_LEYENDO\HTML\admin\js\fechador\themes\ui-lightness\images\ui-icons_222222_256x240.png --> ftp.mundoimaginarte.com /public_html/admin/js/fechador/themes/ui-lightness/images ui-icons_222222_256x240.png
2009.12.08 12:07 B c:\PHP\BEBES_LEYENDO\HTML\admin\js\fechador\themes\ui-lightness\images\ui-bg_highlight-soft_75_ffe45c_1x100.png --> ftp.mundoimaginarte.com /public_html/admin/js/fechador/themes/ui-lightness/images ui-bg_highlight-soft_75_ffe45c_1x100.png
2009.12.08 12:07 B c:\PHP\BEBES_LEYENDO\HTML\admin\js\fechador\themes\ui-lightness\images\ui-bg_highlight-soft_100_eeeeee_1x100.png --> ftp.mundoimaginarte.com /public_html/admin/js/fechador/themes/ui-lightness/images ui-bg_highlight-soft_100_eeeeee_1x100.png
2009.12.08 12:07 B c:\PHP\BEBES_LEYENDO\HTML\admin\js\fechador\themes\ui-lightness\images\ui-bg_gloss-wave_35_f6a828_500x100.png --> ftp.mundoimaginarte.com /public_html/admin/js/fechador/themes/ui-lightness/images ui-bg_gloss-wave_35_f6a828_500x100.png
2009.12.08 12:07 B c:\PHP\BEBES_LEYENDO\HTML\admin\js\fechador\themes\ui-lightness\images\ui-bg_glass_65_ffffff_1x400.png --> ftp.mundoimaginarte.com /public_html/admin/js/fechador/themes/ui-lightness/images ui-bg_glass_65_ffffff_1x400.png
2009.12.08 12:07 B c:\PHP\BEBES_LEYENDO\HTML\admin\js\fechador\themes\ui-lightness\images\ui-bg_glass_100_fdf5ce_1x400.png --> ftp.mundoimaginarte.com /public_html/admin/js/fechador/themes/ui-lightness/images ui-bg_glass_100_fdf5ce_1x400.png
2009.12.08 12:07 B c:\PHP\BEBES_LEYENDO\HTML\admin\js\fechador\themes\ui-lightness\images\ui-bg_glass_100_f6f6f6_1x400.png --> ftp.mundoimaginarte.com /public_html/admin/js/fechador/themes/ui-lightness/images ui-bg_glass_100_f6f6f6_1x400.png
2009.12.08 12:07 B c:\PHP\BEBES_LEYENDO\HTML\admin\js\fechador\themes\ui-lightness\images\ui-bg_flat_10_000000_40x100.png --> ftp.mundoimaginarte.com /public_html/admin/js/fechador/themes/ui-lightness/images ui-bg_flat_10_000000_40x100.png
2009.12.08 12:07 B c:\PHP\BEBES_LEYENDO\HTML\admin\js\fechador\themes\ui-lightness\images\ui-bg_diagonals-thick_20_666666_40x40.png --> ftp.mundoimaginarte.com /public_html/admin/js/fechador/themes/ui-lightness/images ui-bg_diagonals-thick_20_666666_40x40.png
2009.12.08 12:07 B c:\PHP\BEBES_LEYENDO\HTML\admin\js\fechador\themes\ui-lightness\images\ui-bg_diagonals-thick_18_b81900_40x40.png --> ftp.mundoimaginarte.com /public_html/admin/js/fechador/themes/ui-lightness/images ui-bg_diagonals-thick_18_b81900_40x40.png
2010.01.05 12:03 B c:\PHP\BEBES_LEYENDO\HTML\admin\js\fechador\themes\ui-lightness\images\WS_FTP.LOG --> ftp.mundoimaginarte.com /public_html/admin/js/fechador/themes/ui-lightness/images WS_FTP.LOG
2010.01.05 18:27 B c:\PHP\BEBES_LEYENDO\HTML\admin\js\fechador\themes\ui-lightness\images\WS_FTP.LOG --> ftp.mundoimaginarte.com /public_html/admin/js/fechador/themes/ui-lightness/images WS_FTP.LOG
2010.03.17 12:53 B c:\PHP\BIRMINHAM\HTML\admin\js\fechador\themes\ui-lightness\images\WS_FTP.LOG --> ftpS1.brinkster.com /nbns/webroot/tempo/admin/js/fechador/themes/ui-lightness/images WS_FTP.LOG
2010.03.17 12:53 B c:\PHP\BIRMINHAM\HTML\admin\js\fechador\themes\ui-lightness\images\ui-icons_ffffff_256x240.png --> ftpS1.brinkster.com /nbns/webroot/tempo/admin/js/fechador/themes/ui-lightness/images ui-icons_ffffff_256x240.png
2010.03.17 12:53 B c:\PHP\BIRMINHAM\HTML\admin\js\fechador\themes\ui-lightness\images\ui-icons_ffd27a_256x240.png --> ftpS1.brinkster.com /nbns/webroot/tempo/admin/js/fechador/themes/ui-lightness/images ui-icons_ffd27a_256x240.png
2010.03.17 12:53 B c:\PHP\BIRMINHAM\HTML\admin\js\fechador\themes\ui-lightness\images\ui-icons_ef8c08_256x240.png --> ftpS1.brinkster.com /nbns/webroot/tempo/admin/js/fechador/themes/ui-lightness/images ui-icons_ef8c08_256x240.png
2010.03.17 12:53 B c:\PHP\BIRMINHAM\HTML\admin\js\fechador\themes\ui-lightness\images\ui-icons_228ef1_256x240.png --> ftpS1.brinkster.com /nbns/webroot/tempo/admin/js/fechador/themes/ui-lightness/images ui-icons_228ef1_256x240.png
2010.03.17 12:53 B c:\PHP\BIRMINHAM\HTML\admin\js\fechador\themes\ui-lightness\images\ui-icons_222222_256x240.png --> ftpS1.brinkster.com /nbns/webroot/tempo/admin/js/fechador/themes/ui-lightness/images ui-icons_222222_256x240.png
2010.03.17 12:53 B c:\PHP\BIRMINHAM\HTML\admin\js\fechador\themes\ui-lightness\images\ui-bg_highlight-soft_75_ffe45c_1x100.png --> ftpS1.brinkster.com /nbns/webroot/tempo/admin/js/fechador/themes/ui-lightness/images ui-bg_highlight-soft_75_ffe45c_1x100.png
2010.03.17 12:53 B c:\PHP\BIRMINHAM\HTML\admin\js\fechador\themes\ui-lightness\images\ui-bg_highlight-soft_100_eeeeee_1x100.png --> ftpS1.brinkster.com /nbns/webroot/tempo/admin/js/fechador/themes/ui-lightness/images ui-bg_highlight-soft_100_eeeeee_1x100.png
2010.03.17 12:53 B c:\PHP\BIRMINHAM\HTML\admin\js\fechador\themes\ui-lightness\images\ui-bg_gloss-wave_35_f6a828_500x100.png --> ftpS1.brinkster.com /nbns/webroot/tempo/admin/js/fechador/themes/ui-lightness/images ui-bg_gloss-wave_35_f6a828_500x100.png
2010.03.17 12:53 B c:\PHP\BIRMINHAM\HTML\admin\js\fechador\themes\ui-lightness\images\ui-bg_glass_65_ffffff_1x400.png --> ftpS1.brinkster.com /nbns/webroot/tempo/admin/js/fechador/themes/ui-lightness/images ui-bg_glass_65_ffffff_1x400.png
2010.03.17 12:53 B c:\PHP\BIRMINHAM\HTML\admin\js\fechador\themes\ui-lightness\images\ui-bg_glass_100_fdf5ce_1x400.png --> ftpS1.brinkster.com /nbns/webroot/tempo/admin/js/fechador/themes/ui-lightness/images ui-bg_glass_100_fdf5ce_1x400.png
2010.03.17 12:53 B c:\PHP\BIRMINHAM\HTML\admin\js\fechador\themes\ui-lightness\images\ui-bg_glass_100_f6f6f6_1x400.png --> ftpS1.brinkster.com /nbns/webroot/tempo/admin/js/fechador/themes/ui-lightness/images ui-bg_glass_100_f6f6f6_1x400.png
2010.03.17 12:53 B c:\PHP\BIRMINHAM\HTML\admin\js\fechador\themes\ui-lightness\images\ui-bg_flat_10_000000_40x100.png --> ftpS1.brinkster.com /nbns/webroot/tempo/admin/js/fechador/themes/ui-lightness/images ui-bg_flat_10_000000_40x100.png
2010.03.17 12:53 B c:\PHP\BIRMINHAM\HTML\admin\js\fechador\themes\ui-lightness\images\ui-bg_diagonals-thick_20_666666_40x40.png --> ftpS1.brinkster.com /nbns/webroot/tempo/admin/js/fechador/themes/ui-lightness/images ui-bg_diagonals-thick_20_666666_40x40.png
2010.03.17 12:54 B c:\PHP\BIRMINHAM\HTML\admin\js\fechador\themes\ui-lightness\images\ui-bg_diagonals-thick_18_b81900_40x40.png --> ftpS1.brinkster.com /nbns/webroot/tempo/admin/js/fechador/themes/ui-lightness/images ui-bg_diagonals-thick_18_b81900_40x40.png
