2009.12.08 12:07 B c:\PHP\BEBES_LEYENDO\HTML\admin\js\fechador\themes\base\images\ui-icons_cd0a0a_256x240.png --> ftp.mundoimaginarte.com /public_html/admin/js/fechador/themes/base/images ui-icons_cd0a0a_256x240.png
2009.12.08 12:07 B c:\PHP\BEBES_LEYENDO\HTML\admin\js\fechador\themes\base\images\ui-icons_888888_256x240.png --> ftp.mundoimaginarte.com /public_html/admin/js/fechador/themes/base/images ui-icons_888888_256x240.png
2009.12.08 12:07 B c:\PHP\BEBES_LEYENDO\HTML\admin\js\fechador\themes\base\images\ui-icons_454545_256x240.png --> ftp.mundoimaginarte.com /public_html/admin/js/fechador/themes/base/images ui-icons_454545_256x240.png
2009.12.08 12:07 B c:\PHP\BEBES_LEYENDO\HTML\admin\js\fechador\themes\base\images\ui-icons_2e83ff_256x240.png --> ftp.mundoimaginarte.com /public_html/admin/js/fechador/themes/base/images ui-icons_2e83ff_256x240.png
2009.12.08 12:07 B c:\PHP\BEBES_LEYENDO\HTML\admin\js\fechador\themes\base\images\ui-icons_222222_256x240.png --> ftp.mundoimaginarte.com /public_html/admin/js/fechador/themes/base/images ui-icons_222222_256x240.png
2009.12.08 12:07 B c:\PHP\BEBES_LEYENDO\HTML\admin\js\fechador\themes\base\images\ui-bg_highlight-soft_75_cccccc_1x100.png --> ftp.mundoimaginarte.com /public_html/admin/js/fechador/themes/base/images ui-bg_highlight-soft_75_cccccc_1x100.png
2009.12.08 12:07 B c:\PHP\BEBES_LEYENDO\HTML\admin\js\fechador\themes\base\images\ui-bg_glass_95_fef1ec_1x400.png --> ftp.mundoimaginarte.com /public_html/admin/js/fechador/themes/base/images ui-bg_glass_95_fef1ec_1x400.png
2009.12.08 12:07 B c:\PHP\BEBES_LEYENDO\HTML\admin\js\fechador\themes\base\images\ui-bg_glass_75_e6e6e6_1x400.png --> ftp.mundoimaginarte.com /public_html/admin/js/fechador/themes/base/images ui-bg_glass_75_e6e6e6_1x400.png
2009.12.08 12:07 B c:\PHP\BEBES_LEYENDO\HTML\admin\js\fechador\themes\base\images\ui-bg_glass_75_dadada_1x400.png --> ftp.mundoimaginarte.com /public_html/admin/js/fechador/themes/base/images ui-bg_glass_75_dadada_1x400.png
2009.12.08 12:07 B c:\PHP\BEBES_LEYENDO\HTML\admin\js\fechador\themes\base\images\ui-bg_glass_65_ffffff_1x400.png --> ftp.mundoimaginarte.com /public_html/admin/js/fechador/themes/base/images ui-bg_glass_65_ffffff_1x400.png
2009.12.08 12:07 B c:\PHP\BEBES_LEYENDO\HTML\admin\js\fechador\themes\base\images\ui-bg_glass_55_fbf9ee_1x400.png --> ftp.mundoimaginarte.com /public_html/admin/js/fechador/themes/base/images ui-bg_glass_55_fbf9ee_1x400.png
2009.12.08 12:07 B c:\PHP\BEBES_LEYENDO\HTML\admin\js\fechador\themes\base\images\ui-bg_flat_75_ffffff_40x100.png --> ftp.mundoimaginarte.com /public_html/admin/js/fechador/themes/base/images ui-bg_flat_75_ffffff_40x100.png
2009.12.08 12:07 B c:\PHP\BEBES_LEYENDO\HTML\admin\js\fechador\themes\base\images\ui-bg_flat_0_aaaaaa_40x100.png --> ftp.mundoimaginarte.com /public_html/admin/js/fechador/themes/base/images ui-bg_flat_0_aaaaaa_40x100.png
2010.01.05 12:04 B c:\PHP\BEBES_LEYENDO\HTML\admin\js\fechador\themes\base\images\WS_FTP.LOG --> ftp.mundoimaginarte.com /public_html/admin/js/fechador/themes/base/images WS_FTP.LOG
2010.01.05 18:28 B c:\PHP\BEBES_LEYENDO\HTML\admin\js\fechador\themes\base\images\WS_FTP.LOG --> ftp.mundoimaginarte.com /public_html/admin/js/fechador/themes/base/images WS_FTP.LOG
2010.03.17 12:54 B c:\PHP\BIRMINHAM\HTML\admin\js\fechador\themes\base\images\WS_FTP.LOG --> ftpS1.brinkster.com /nbns/webroot/tempo/admin/js/fechador/themes/base/images WS_FTP.LOG
2010.03.17 12:54 B c:\PHP\BIRMINHAM\HTML\admin\js\fechador\themes\base\images\ui-icons_cd0a0a_256x240.png --> ftpS1.brinkster.com /nbns/webroot/tempo/admin/js/fechador/themes/base/images ui-icons_cd0a0a_256x240.png
2010.03.17 12:54 B c:\PHP\BIRMINHAM\HTML\admin\js\fechador\themes\base\images\ui-icons_888888_256x240.png --> ftpS1.brinkster.com /nbns/webroot/tempo/admin/js/fechador/themes/base/images ui-icons_888888_256x240.png
2010.03.17 12:54 B c:\PHP\BIRMINHAM\HTML\admin\js\fechador\themes\base\images\ui-icons_454545_256x240.png --> ftpS1.brinkster.com /nbns/webroot/tempo/admin/js/fechador/themes/base/images ui-icons_454545_256x240.png
2010.03.17 12:54 B c:\PHP\BIRMINHAM\HTML\admin\js\fechador\themes\base\images\ui-icons_2e83ff_256x240.png --> ftpS1.brinkster.com /nbns/webroot/tempo/admin/js/fechador/themes/base/images ui-icons_2e83ff_256x240.png
2010.03.17 12:54 B c:\PHP\BIRMINHAM\HTML\admin\js\fechador\themes\base\images\ui-icons_222222_256x240.png --> ftpS1.brinkster.com /nbns/webroot/tempo/admin/js/fechador/themes/base/images ui-icons_222222_256x240.png
2010.03.17 12:54 B c:\PHP\BIRMINHAM\HTML\admin\js\fechador\themes\base\images\ui-bg_highlight-soft_75_cccccc_1x100.png --> ftpS1.brinkster.com /nbns/webroot/tempo/admin/js/fechador/themes/base/images ui-bg_highlight-soft_75_cccccc_1x100.png
2010.03.17 12:54 B c:\PHP\BIRMINHAM\HTML\admin\js\fechador\themes\base\images\ui-bg_glass_95_fef1ec_1x400.png --> ftpS1.brinkster.com /nbns/webroot/tempo/admin/js/fechador/themes/base/images ui-bg_glass_95_fef1ec_1x400.png
2010.03.17 12:54 B c:\PHP\BIRMINHAM\HTML\admin\js\fechador\themes\base\images\ui-bg_glass_75_e6e6e6_1x400.png --> ftpS1.brinkster.com /nbns/webroot/tempo/admin/js/fechador/themes/base/images ui-bg_glass_75_e6e6e6_1x400.png
2010.03.17 12:54 B c:\PHP\BIRMINHAM\HTML\admin\js\fechador\themes\base\images\ui-bg_glass_75_dadada_1x400.png --> ftpS1.brinkster.com /nbns/webroot/tempo/admin/js/fechador/themes/base/images ui-bg_glass_75_dadada_1x400.png
2010.03.17 12:54 B c:\PHP\BIRMINHAM\HTML\admin\js\fechador\themes\base\images\ui-bg_glass_65_ffffff_1x400.png --> ftpS1.brinkster.com /nbns/webroot/tempo/admin/js/fechador/themes/base/images ui-bg_glass_65_ffffff_1x400.png
2010.03.17 12:54 B c:\PHP\BIRMINHAM\HTML\admin\js\fechador\themes\base\images\ui-bg_glass_55_fbf9ee_1x400.png --> ftpS1.brinkster.com /nbns/webroot/tempo/admin/js/fechador/themes/base/images ui-bg_glass_55_fbf9ee_1x400.png
2010.03.17 12:54 B c:\PHP\BIRMINHAM\HTML\admin\js\fechador\themes\base\images\ui-bg_flat_75_ffffff_40x100.png --> ftpS1.brinkster.com /nbns/webroot/tempo/admin/js/fechador/themes/base/images ui-bg_flat_75_ffffff_40x100.png
2010.03.17 12:54 B c:\PHP\BIRMINHAM\HTML\admin\js\fechador\themes\base\images\ui-bg_flat_0_aaaaaa_40x100.png --> ftpS1.brinkster.com /nbns/webroot/tempo/admin/js/fechador/themes/base/images ui-bg_flat_0_aaaaaa_40x100.png
